2026-08-15T13:46:17+00:00 INFO    [event=application.started] IPTV-API 版本: 3.0.0 (构建时间: 2026-08-07 11:45:59)
2026-08-15T13:46:17+00:00 INFO    [run=a06fc89765904f36ab658b4892369562 phase=prepare event=run.started] 性能模式: auto → balance，可用资源: 4.0 CPU / 15.61 GB，并发: 测速 8、媒体探测 2、源抓取 8
2026-08-15T13:46:17+00:00 INFO    [run=a06fc89765904f36ab658b4892369562 phase=prepare event=channels.catalog_loaded] 频道目录已加载：白名单 0，黑名单 51，台标 21
2026-08-15T13:46:17+00:00 INFO    [run=a06fc89765904f36ab658b4892369562 phase=fetch event=sources.subscribe.summary] 订阅源数量：380，订阅白名单数量：0，停用地址数量：0，有效总数量：380
2026-08-15T13:46:17+00:00 INFO    [run=a06fc89765904f36ab658b4892369562 phase=fetch event=progress.started] 正在进行获取订阅源  0/380
2026-08-15T13:46:18+00:00 WARNING [run=a06fc89765904f36ab658b4892369562 phase=fetch event=request.retrying] 🔄 请求https://live.izbds.com/tv/iptv4.txt失败，正在进行第1次重试...
2026-08-15T13:46:18+00:00 INFO    [run=a06fc89765904f36ab658b4892369562 phase=fetch event=progress.updated] 正在进行获取订阅源  1/380 (0%)  剩余 379
2026-08-15T13:46:21+00:00 WARNING [run=a06fc89765904f36ab658b4892369562 phase=fetch event=request.retrying] 🔄 请求shturl.cc/Q5G7Rpdf4sup5yPEaz30NsC0Adi4GeFeTB5cBSi13NISdkDrhsBvJ9VUhQm5tu2TFsgv75KtSWlE6PL1VQcy9RMoIS6TT8CwTBCCD5失败，正在进行第1次重试...
2026-08-15T13:46:21+00:00 WARNING [run=a06fc89765904f36ab658b4892369562 phase=fetch event=request.retrying] 🔄 请求shturl.cc/mhGdLjZOI4AHvcmjytjn1AiYdCo58265q8GrQHigW9oN091wVRlCUgNKAC7XWirFVdkjDE0blQRmlna4A1F失败，正在进行第1次重试...
2026-08-15T13:46:21+00:00 WARNING [run=a06fc89765904f36ab658b4892369562 phase=fetch event=source.request_failed] 订阅源请求失败：❌ 请求https://live.izbds.com/tv/iptv4.txt失败，已达到最大重试次数
2026-08-15T13:46:22+00:00 WARNING [run=a06fc89765904f36ab658b4892369562 phase=fetch event=source.request_failed] 订阅源请求失败：❌ 请求shturl.cc/Q5G7Rpdf4sup5yPEaz30NsC0Adi4GeFeTB5cBSi13NISdkDrhsBvJ9VUhQm5tu2TFsgv75KtSWlE6PL1VQcy9RMoIS6TT8CwTBCCD5失败，已达到最大重试次数
2026-08-15T13:46:22+00:00 WARNING [run=a06fc89765904f36ab658b4892369562 phase=fetch event=source.request_failed] 订阅源请求失败：❌ 请求shturl.cc/mhGdLjZOI4AHvcmjytjn1AiYdCo58265q8GrQHigW9oN091wVRlCUgNKAC7XWirFVdkjDE0blQRmlna4A1F失败，已达到最大重试次数
2026-08-15T13:46:22+00:00 WARNING [run=a06fc89765904f36ab658b4892369562 phase=fetch event=request.retrying] 🔄 请求https://7337.kstore.space/twkj/tvzb.txt失败，正在进行第1次重试...
2026-08-15T13:46:22+00:00 WARNING [run=a06fc89765904f36ab658b4892369562 phase=fetch event=request.retrying] 🔄 请求shturl.cc/Vi91JdYk15akcAZwIY0OUS665F57ZoBgtScxRoFdgyNx8uhsuFPbLyQ4YisDSm3WIDPXS4e2l2dq失败，正在进行第1次重试...
2026-08-15T13:46:23+00:00 WARNING [run=a06fc89765904f36ab658b4892369562 phase=fetch event=request.retrying] 🔄 请求https://9071.kstore.vip/有线电视橙色.txt失败，正在进行第1次重试...
2026-08-15T13:46:23+00:00 WARNING [run=a06fc89765904f36ab658b4892369562 phase=fetch event=request.retrying] 🔄 请求shturl.cc/BQ1xIpIbMYv305MvZfVBTQEV3eI0EPHOJBvbnKw0f4KwJTv4dHdAJCdQvooH5SrmXNd8uhfysw失败，正在进行第1次重试...
2026-08-15T13:46:23+00:00 WARNING [run=a06fc89765904f36ab658b4892369562 phase=fetch event=request.retrying] 🔄 请求https://4708.kstore.space/omg/tv.txt失败，正在进行第1次重试...
2026-08-15T13:46:23+00:00 WARNING [run=a06fc89765904f36ab658b4892369562 phase=fetch event=source.request_failed] 订阅源请求失败：❌ 请求shturl.cc/Vi91JdYk15akcAZwIY0OUS665F57ZoBgtScxRoFdgyNx8uhsuFPbLyQ4YisDSm3WIDPXS4e2l2dq失败，已达到最大重试次数
2026-08-15T13:46:23+00:00 WARNING [run=a06fc89765904f36ab658b4892369562 phase=fetch event=source.request_failed] 订阅源请求失败：❌ 请求https://7337.kstore.space/twkj/tvzb.txt失败，已达到最大重试次数
2026-08-15T13:46:24+00:00 WARNING [run=a06fc89765904f36ab658b4892369562 phase=fetch event=request.retrying] 🔄 请求shturl.cc/8S42taaDSA18eIkiH0LC5Cg76C1h5zT9k9Del06rGw7enM1y0M4YT8jm1oS61JXq0YaO3GyF失败，正在进行第1次重试...
2026-08-15T13:46:24+00:00 WARNING [run=a06fc89765904f36ab658b4892369562 phase=fetch event=request.retrying] 🔄 请求https://mirror.ghproxy.com/https://raw.githubusercontent.com/tianya7981/jiekou/refs/heads/main/野火959失败，正在进行第1次重试...
2026-08-15T13:46:24+00:00 WARNING [run=a06fc89765904f36ab658b4892369562 phase=fetch event=source.request_failed] 订阅源请求失败：❌ 请求shturl.cc/BQ1xIpIbMYv305MvZfVBTQEV3eI0EPHOJBvbnKw0f4KwJTv4dHdAJCdQvooH5SrmXNd8uhfysw失败，已达到最大重试次数
2026-08-15T13:46:24+00:00 WARNING [run=a06fc89765904f36ab658b4892369562 phase=fetch event=source.request_failed] 订阅源请求失败：❌ 请求https://9071.kstore.vip/有线电视橙色.txt失败，已达到最大重试次数
2026-08-15T13:46:25+00:00 WARNING [run=a06fc89765904f36ab658b4892369562 phase=fetch event=source.request_failed] 订阅源请求失败：❌ 请求https://4708.kstore.space/omg/tv.txt失败，已达到最大重试次数
2026-08-15T13:46:25+00:00 WARNING [run=a06fc89765904f36ab658b4892369562 phase=fetch event=source.request_failed] 订阅源请求失败：❌ 请求shturl.cc/8S42taaDSA18eIkiH0LC5Cg76C1h5zT9k9Del06rGw7enM1y0M4YT8jm1oS61JXq0YaO3GyF失败，已达到最大重试次数
2026-08-15T13:46:25+00:00 WARNING [run=a06fc89765904f36ab658b4892369562 phase=fetch event=source.request_failed] 订阅源请求失败：❌ 请求https://mirror.ghproxy.com/https://raw.githubusercontent.com/tianya7981/jiekou/refs/heads/main/野火959失败，已达到最大重试次数
2026-08-15T13:46:25+00:00 WARNING [run=a06fc89765904f36ab658b4892369562 phase=fetch event=request.retrying] 🔄 请求https://live.kilvn.com/iptv.m3u失败，正在进行第1次重试...
2026-08-15T13:46:26+00:00 WARNING [run=a06fc89765904f36ab658b4892369562 phase=fetch event=source.request_failed] 订阅源请求失败：❌ 请求https://live.kilvn.com/iptv.m3u失败，已达到最大重试次数
2026-08-15T13:46:28+00:00 WARNING [run=a06fc89765904f36ab658b4892369562 phase=fetch event=request.retrying] 🔄 请求https://d.kstore.dev/download/15366/6988.txt失败，正在进行第1次重试...
2026-08-15T13:46:28+00:00 INFO    [run=a06fc89765904f36ab658b4892369562 phase=fetch event=progress.updated] 正在进行获取订阅源  38/380 (10%)  剩余 342
2026-08-15T13:46:28+00:00 WARNING [run=a06fc89765904f36ab658b4892369562 phase=fetch event=request.retrying] 🔄 请求http://rihou.cc:555/gggg.nzk失败，正在进行第1次重试...
2026-08-15T13:46:29+00:00 WARNING [run=a06fc89765904f36ab658b4892369562 phase=fetch event=source.request_failed] 订阅源请求失败：❌ 请求https://d.kstore.dev/download/15366/6988.txt失败，已达到最大重试次数
2026-08-15T13:46:37+00:00 INFO    [run=a06fc89765904f36ab658b4892369562 phase=fetch event=progress.updated] 正在进行获取订阅源  76/380 (20%)  剩余 304
2026-08-15T13:46:37+00:00 WARNING [run=a06fc89765904f36ab658b4892369562 phase=fetch event=request.retrying] 🔄 请求http://192.168.31.11:8081/playlist.m3u失败，正在进行第1次重试...
2026-08-15T13:46:40+00:00 WARNING [run=a06fc89765904f36ab658b4892369562 phase=fetch event=source.request_failed] 订阅源请求失败：❌ 请求http://rihou.cc:555/gggg.nzk失败，已达到最大重试次数
2026-08-15T13:46:43+00:00 INFO    [run=a06fc89765904f36ab658b4892369562 phase=fetch event=progress.updated] 正在进行获取订阅源  114/380 (30%)  剩余 266
2026-08-15T13:46:49+00:00 WARNING [run=a06fc89765904f36ab658b4892369562 phase=fetch event=source.request_failed] 订阅源请求失败：❌ 请求http://192.168.31.11:8081/playlist.m3u失败，已达到最大重试次数
2026-08-15T13:46:49+00:00 INFO    [run=a06fc89765904f36ab658b4892369562 phase=fetch event=progress.updated] 正在进行获取订阅源  152/380 (40%)  剩余 228
2026-08-15T13:46:55+00:00 INFO    [run=a06fc89765904f36ab658b4892369562 phase=fetch event=progress.updated] 正在进行获取订阅源  190/380 (50%)  剩余 190
2026-08-15T13:47:00+00:00 INFO    [run=a06fc89765904f36ab658b4892369562 phase=fetch event=progress.updated] 正在进行获取订阅源  228/380 (60%)  剩余 152
2026-08-15T13:47:06+00:00 INFO    [run=a06fc89765904f36ab658b4892369562 phase=fetch event=progress.updated] 正在进行获取订阅源  266/380 (70%)  剩余 114
2026-08-15T13:47:13+00:00 INFO    [run=a06fc89765904f36ab658b4892369562 phase=fetch event=progress.updated] 正在进行获取订阅源  304/380 (80%)  剩余 76
2026-08-15T13:47:20+00:00 INFO    [run=a06fc89765904f36ab658b4892369562 phase=fetch event=progress.updated] 正在进行获取订阅源  342/380 (90%)  剩余 38
2026-08-15T13:47:28+00:00 WARNING [run=a06fc89765904f36ab658b4892369562 phase=fetch event=request.retrying] 🔄 请求http://www.52top.com.cn:678/downloads/migu.txt失败，正在进行第1次重试...
2026-08-15T13:47:40+00:00 WARNING [run=a06fc89765904f36ab658b4892369562 phase=fetch event=source.request_failed] 订阅源请求失败：❌ 请求http://www.52top.com.cn:678/downloads/migu.txt失败，已达到最大重试次数
2026-08-15T13:47:40+00:00 INFO    [run=a06fc89765904f36ab658b4892369562 phase=fetch event=progress.updated] 正在进行获取订阅源  380/380 (100%)  剩余 0
2026-08-15T13:47:41+00:00 INFO    [run=a06fc89765904f36ab658b4892369562 phase=fetch event=sources.subscribe.finished] 订阅源: ✅ 有效地址数量：380，⛔ 停用地址数量：0
2026-08-15T13:47:41+00:00 INFO    [run=a06fc89765904f36ab658b4892369562 phase=fetch event=sources.subscribe.epg_discovered] 📡 从订阅源中发现 117 个 EPG 地址
2026-08-15T13:47:41+00:00 INFO    [run=a06fc89765904f36ab658b4892369562 phase=fetch event=progress.finished] 正在进行获取订阅源  380/380  未匹配 10000
2026-08-15T13:47:41+00:00 INFO    [run=a06fc89765904f36ab658b4892369562 phase=fetch event=sources.epg.summary] EPG源数量：8，EPG白名单数量：0，停用地址数量：0，有效总数量：11
2026-08-15T13:47:41+00:00 INFO    [run=a06fc89765904f36ab658b4892369562 phase=fetch event=progress.started] 正在进行获取EPG源  0/11
2026-08-15T13:47:42+00:00 INFO    [run=a06fc89765904f36ab658b4892369562 phase=fetch event=epg.source_parsed] EPG 源解析完成：http://e.erw.cc/e.xml.gz，保留节目 3424 条
2026-08-15T13:47:42+00:00 INFO    [run=a06fc89765904f36ab658b4892369562 phase=fetch event=progress.updated] 正在进行获取EPG源  1/11 (9%)  剩余 10
2026-08-15T13:47:42+00:00 WARNING [run=a06fc89765904f36ab658b4892369562 phase=fetch event=request.retrying] 🔄 请求http://epg.cdn.loc.cc失败，正在进行第1次重试...
2026-08-15T13:47:43+00:00 ERROR   [run=a06fc89765904f36ab658b4892369562 phase=fetch event=source.parse_failed] http://epg.cdn.loc.cc 出错：❌ 请求http://epg.cdn.loc.cc失败，已达到最大重试次数
2026-08-15T13:47:47+00:00 WARNING [run=a06fc89765904f36ab658b4892369562 phase=fetch event=request.retrying] 🔄 请求https://diyp.epg.qzz.io/失败，正在进行第1次重试...
2026-08-15T13:47:47+00:00 ERROR   [run=a06fc89765904f36ab658b4892369562 phase=fetch event=source.parse_failed] https://diyp.epg.qzz.io/ 出错：❌ 请求https://diyp.epg.qzz.io/失败，已达到最大重试次数
2026-08-15T13:47:47+00:00 INFO    [run=a06fc89765904f36ab658b4892369562 phase=fetch event=progress.updated] 正在进行获取EPG源  3/11 (27%)  剩余 8
2026-08-15T13:47:49+00:00 INFO    [run=a06fc89765904f36ab658b4892369562 phase=fetch event=epg.source_parsed] EPG 源解析完成：https://raw.githubusercontent.com/fanmingming/live/main/e.xml，保留节目 5294 条
2026-08-15T13:47:59+00:00 INFO    [run=a06fc89765904f36ab658b4892369562 phase=fetch event=epg.source_parsed] EPG 源解析完成：https://gitee.com/taksssss/tv/raw/main/epg/erw.xml.gz，保留节目 3862 条
2026-08-15T13:47:59+00:00 INFO    [run=a06fc89765904f36ab658b4892369562 phase=fetch event=progress.updated] 正在进行获取EPG源  5/11 (45%)  剩余 6
2026-08-15T13:48:01+00:00 INFO    [run=a06fc89765904f36ab658b4892369562 phase=fetch event=epg.source_parsed] EPG 源解析完成：https://epg.136605.xyz/9days.xml.gz，保留节目 9661 条
2026-08-15T13:48:04+00:00 INFO    [run=a06fc89765904f36ab658b4892369562 phase=fetch event=epg.source_parsed] EPG 源解析完成：https://tv.mxdyeah.top/epgphp/t.xml.gz，保留节目 18185 条
2026-08-15T13:48:04+00:00 INFO    [run=a06fc89765904f36ab658b4892369562 phase=fetch event=progress.updated] 正在进行获取EPG源  7/11 (63%)  剩余 4
2026-08-15T13:48:05+00:00 INFO    [run=a06fc89765904f36ab658b4892369562 phase=fetch event=epg.source_parsed] EPG 源解析完成：http://epg.51zmt.top:8000/e.xml.gz，保留节目 3859 条
2026-08-15T13:48:06+00:00 WARNING [run=a06fc89765904f36ab658b4892369562 phase=fetch event=request.retrying] 🔄 请求http://e.erw.cc/all.xml失败，正在进行第1次重试...
2026-08-15T13:48:06+00:00 ERROR   [run=a06fc89765904f36ab658b4892369562 phase=fetch event=source.parse_failed] http://e.erw.cc/all.xml 出错：❌ 请求http://e.erw.cc/all.xml失败，已达到最大重试次数
2026-08-15T13:48:06+00:00 INFO    [run=a06fc89765904f36ab658b4892369562 phase=fetch event=progress.updated] 正在进行获取EPG源  9/11 (81%)  剩余 2
2026-08-15T13:48:07+00:00 WARNING [run=a06fc89765904f36ab658b4892369562 phase=fetch event=request.retrying] 🔄 请求http://epg.51zmt.top:8000/e.xml失败，正在进行第1次重试...
2026-08-15T13:48:08+00:00 ERROR   [run=a06fc89765904f36ab658b4892369562 phase=fetch event=source.parse_failed] http://epg.51zmt.top:8000/e.xml 出错：❌ 请求http://epg.51zmt.top:8000/e.xml失败，已达到最大重试次数
2026-08-15T13:48:08+00:00 INFO    [run=a06fc89765904f36ab658b4892369562 phase=fetch event=epg.source_parsed] EPG 源解析完成：https://develop202.github.io/migu_video/playback.xml，保留节目 0 条
2026-08-15T13:48:08+00:00 INFO    [run=a06fc89765904f36ab658b4892369562 phase=fetch event=progress.updated] 正在进行获取EPG源  11/11 (100%)  剩余 0
2026-08-15T13:48:08+00:00 INFO    [run=a06fc89765904f36ab658b4892369562 phase=fetch event=sources.epg.finished] EPG源: ✅ 有效地址数量：8，⛔ 停用地址数量：0
2026-08-15T13:48:08+00:00 INFO    [run=a06fc89765904f36ab658b4892369562 phase=fetch event=progress.finished] 正在进行获取EPG源  11/11  匹配 110 个频道
2026-08-15T13:53:25+00:00 INFO    [run=a06fc89765904f36ab658b4892369562 phase=aggregate event=channels.aggregated] 频道数据聚合完成：153 个频道，29924 个接口（IPv4 23847 / IPv6 6077）
2026-08-15T13:53:25+00:00 INFO    [run=a06fc89765904f36ab658b4892369562 phase=speed_test event=speed_test.planned] 总接口数量: 23581, 需要进行测速的接口数量: 23581
2026-08-15T13:53:25+00:00 INFO    [run=a06fc89765904f36ab658b4892369562 phase=speed_test event=progress.started] 测速  0/23581
2026-08-15T13:53:25+00:00 INFO    [run=a06fc89765904f36ab658b4892369562 phase=speed_test event=progress.updated] 测速  1/23581 (0%)  有效 0  失败 1  CCTV-1综合
2026-08-15T13:53:56+00:00 INFO    [run=a06fc89765904f36ab658b4892369562 phase=speed_test event=progress.updated] 测速  101/23581 (0%)  有效 2  失败 99  CCTV-1综合
2026-08-15T13:54:27+00:00 INFO    [run=a06fc89765904f36ab658b4892369562 phase=speed_test event=progress.updated] 测速  200/23581 (0%)  有效 18  失败 182  CCTV-2财经
2026-08-15T13:54:57+00:00 INFO    [run=a06fc89765904f36ab658b4892369562 phase=speed_test event=progress.updated] 测速  310/23581 (1%)  有效 29  失败 281  CCTV-3综艺
2026-08-15T13:55:28+00:00 INFO    [run=a06fc89765904f36ab658b4892369562 phase=speed_test event=progress.updated] 测速  405/23581 (1%)  有效 44  失败 361  CCTV-4中文国际
2026-08-15T13:55:58+00:00 INFO    [run=a06fc89765904f36ab658b4892369562 phase=speed_test event=progress.updated] 测速  487/23581 (2%)  有效 49  失败 438  CCTV-4中文国际
2026-08-15T13:56:28+00:00 INFO    [run=a06fc89765904f36ab658b4892369562 phase=speed_test event=progress.updated] 测速  577/23581 (2%)  有效 56  失败 521  CCTV-5体育
2026-08-15T13:56:58+00:00 INFO    [run=a06fc89765904f36ab658b4892369562 phase=speed_test event=progress.updated] 测速  669/23581 (2%)  有效 63  失败 606  CCTV-5体育
2026-08-15T13:57:28+00:00 INFO    [run=a06fc89765904f36ab658b4892369562 phase=speed_test event=progress.updated] 测速  741/23581 (3%)  有效 64  失败 677  CCTV-5体育
2026-08-15T13:57:59+00:00 INFO    [run=a06fc89765904f36ab658b4892369562 phase=speed_test event=progress.updated] 测速  819/23581 (3%)  有效 64  失败 755  CCTV-5体育
2026-08-15T13:58:29+00:00 INFO    [run=a06fc89765904f36ab658b4892369562 phase=speed_test event=progress.updated] 测速  897/23581 (3%)  有效 64  失败 833  CCTV-5体育
2026-08-15T13:58:59+00:00 INFO    [run=a06fc89765904f36ab658b4892369562 phase=speed_test event=progress.updated] 测速  991/23581 (4%)  有效 69  失败 922  CCTV-5+体育赛事
2026-08-15T13:59:30+00:00 INFO    [run=a06fc89765904f36ab658b4892369562 phase=speed_test event=progress.updated] 测速  1080/23581 (4%)  有效 75  失败 1005  CCTV-5+体育赛事
2026-08-15T14:00:00+00:00 INFO    [run=a06fc89765904f36ab658b4892369562 phase=speed_test event=progress.updated] 测速  1166/23581 (4%)  有效 75  失败 1091  CCTV-5+体育赛事
2026-08-15T14:00:30+00:00 INFO    [run=a06fc89765904f36ab658b4892369562 phase=speed_test event=progress.updated] 测速  1249/23581 (5%)  有效 75  失败 1174  CCTV-5+体育赛事
2026-08-15T14:01:01+00:00 INFO    [run=a06fc89765904f36ab658b4892369562 phase=speed_test event=progress.updated] 测速  1338/23581 (5%)  有效 76  失败 1262  CCTV-5+体育赛事
2026-08-15T14:01:31+00:00 INFO    [run=a06fc89765904f36ab658b4892369562 phase=speed_test event=progress.updated] 测速  1431/23581 (6%)  有效 77  失败 1354  CCTV-6电影
2026-08-15T14:02:01+00:00 INFO    [run=a06fc89765904f36ab658b4892369562 phase=speed_test event=progress.updated] 测速  1532/23581 (6%)  有效 89  失败 1443  CCTV-7国防军事
2026-08-15T14:02:32+00:00 INFO    [run=a06fc89765904f36ab658b4892369562 phase=speed_test event=progress.updated] 测速  1626/23581 (6%)  有效 103  失败 1523  CCTV-8电视剧
2026-08-15T14:03:02+00:00 INFO    [run=a06fc89765904f36ab658b4892369562 phase=speed_test event=progress.updated] 测速  1725/23581 (7%)  有效 112  失败 1613  CCTV-9纪录
2026-08-15T14:03:33+00:00 INFO    [run=a06fc89765904f36ab658b4892369562 phase=speed_test event=progress.updated] 测速  1827/23581 (7%)  有效 123  失败 1704  CCTV-10科教
2026-08-15T14:04:03+00:00 INFO    [run=a06fc89765904f36ab658b4892369562 phase=speed_test event=progress.updated] 测速  1907/23581 (8%)  有效 126  失败 1781  CCTV-10科教
2026-08-15T14:04:34+00:00 INFO    [run=a06fc89765904f36ab658b4892369562 phase=speed_test event=progress.updated] 测速  2004/23581 (8%)  有效 141  失败 1863  CCTV-11戏曲
2026-08-15T14:05:04+00:00 INFO    [run=a06fc89765904f36ab658b4892369562 phase=speed_test event=progress.updated] 测速  2095/23581 (8%)  有效 150  失败 1945  CCTV-12社会与法
2026-08-15T14:05:35+00:00 INFO    [run=a06fc89765904f36ab658b4892369562 phase=speed_test event=progress.updated] 测速  2186/23581 (9%)  有效 161  失败 2025  CCTV-12社会与法
2026-08-15T14:06:05+00:00 INFO    [run=a06fc89765904f36ab658b4892369562 phase=speed_test event=progress.updated] 测速  2274/23581 (9%)  有效 164  失败 2110  CCTV-13新闻
2026-08-15T14:06:35+00:00 INFO    [run=a06fc89765904f36ab658b4892369562 phase=speed_test event=progress.updated] 测速  2370/23581 (10%)  有效 172  失败 2198  CCTV-14少儿
2026-08-15T14:07:06+00:00 INFO    [run=a06fc89765904f36ab658b4892369562 phase=speed_test event=progress.updated] 测速  2471/23581 (10%)  有效 183  失败 2288  CCTV-15音乐
2026-08-15T14:07:36+00:00 INFO    [run=a06fc89765904f36ab658b4892369562 phase=speed_test event=progress.updated] 测速  2593/23581 (10%)  有效 205  失败 2388  CCTV-17农业农村
2026-08-15T14:08:06+00:00 INFO    [run=a06fc89765904f36ab658b4892369562 phase=speed_test event=progress.updated] 测速  2698/23581 (11%)  有效 219  失败 2479  广西卫视
2026-08-15T14:08:36+00:00 INFO    [run=a06fc89765904f36ab658b4892369562 phase=speed_test event=progress.updated] 测速  2801/23581 (11%)  有效 232  失败 2569  湖南卫视
2026-08-15T14:09:08+00:00 INFO    [run=a06fc89765904f36ab658b4892369562 phase=speed_test event=progress.updated] 测速  2911/23581 (12%)  有效 248  失败 2663  浙江卫视
2026-08-15T14:09:39+00:00 INFO    [run=a06fc89765904f36ab658b4892369562 phase=speed_test event=progress.updated] 测速  3013/23581 (12%)  有效 264  失败 2749  江苏卫视
2026-08-15T14:10:09+00:00 INFO    [run=a06fc89765904f36ab658b4892369562 phase=speed_test event=progress.updated] 测速  3126/23581 (13%)  有效 280  失败 2846  东方卫视
2026-08-15T14:10:39+00:00 INFO    [run=a06fc89765904f36ab658b4892369562 phase=speed_test event=progress.updated] 测速  3222/23581 (13%)  有效 296  失败 2926  北京卫视
2026-08-15T14:11:10+00:00 INFO    [run=a06fc89765904f36ab658b4892369562 phase=speed_test event=progress.updated] 测速  3329/23581 (14%)  有效 310  失败 3019  广东卫视
2026-08-15T14:11:40+00:00 INFO    [run=a06fc89765904f36ab658b4892369562 phase=speed_test event=progress.updated] 测速  3426/23581 (14%)  有效 322  失败 3104  大湾区卫视
2026-08-15T14:12:10+00:00 INFO    [run=a06fc89765904f36ab658b4892369562 phase=speed_test event=progress.updated] 测速  3537/23581 (14%)  有效 326  失败 3211  山东卫视
2026-08-15T14:12:40+00:00 INFO    [run=a06fc89765904f36ab658b4892369562 phase=speed_test event=progress.updated] 测速  3640/23581 (15%)  有效 343  失败 3297  湖北卫视
2026-08-15T14:13:10+00:00 INFO    [run=a06fc89765904f36ab658b4892369562 phase=speed_test event=progress.updated] 测速  3735/23581 (15%)  有效 354  失败 3381  河南卫视
2026-08-15T14:13:41+00:00 INFO    [run=a06fc89765904f36ab658b4892369562 phase=speed_test event=progress.updated] 测速  3836/23581 (16%)  有效 370  失败 3466  辽宁卫视
2026-08-15T14:14:11+00:00 INFO    [run=a06fc89765904f36ab658b4892369562 phase=speed_test event=progress.updated] 测速  3937/23581 (16%)  有效 384  失败 3553  安徽卫视
2026-08-15T14:14:41+00:00 INFO    [run=a06fc89765904f36ab658b4892369562 phase=speed_test event=progress.updated] 测速  4040/23581 (17%)  有效 400  失败 3640  天津卫视
2026-08-15T14:15:12+00:00 INFO    [run=a06fc89765904f36ab658b4892369562 phase=speed_test event=progress.updated] 测速  4135/23581 (17%)  有效 413  失败 3722  河北卫视
2026-08-15T14:15:42+00:00 INFO    [run=a06fc89765904f36ab658b4892369562 phase=speed_test event=progress.updated] 测速  4234/23581 (17%)  有效 426  失败 3808  四川卫视
2026-08-15T14:16:12+00:00 INFO    [run=a06fc89765904f36ab658b4892369562 phase=speed_test event=progress.updated] 测速  4335/23581 (18%)  有效 440  失败 3895  深圳卫视
2026-08-15T14:16:42+00:00 INFO    [run=a06fc89765904f36ab658b4892369562 phase=speed_test event=progress.updated] 测速  4435/23581 (18%)  有效 453  失败 3982  江西卫视
2026-08-15T14:17:12+00:00 INFO    [run=a06fc89765904f36ab658b4892369562 phase=speed_test event=progress.updated] 测速  4526/23581 (19%)  有效 466  失败 4060  重庆卫视
2026-08-15T14:17:42+00:00 INFO    [run=a06fc89765904f36ab658b4892369562 phase=speed_test event=progress.updated] 测速  4636/23581 (19%)  有效 486  失败 4150  黑龙江卫视
2026-08-15T14:18:14+00:00 INFO    [run=a06fc89765904f36ab658b4892369562 phase=speed_test event=progress.updated] 测速  4746/23581 (20%)  有效 502  失败 4244  吉林卫视
2026-08-15T14:18:44+00:00 INFO    [run=a06fc89765904f36ab658b4892369562 phase=speed_test event=progress.updated] 测速  4840/23581 (20%)  有效 510  失败 4330  吉林卫视
2026-08-15T14:19:14+00:00 INFO    [run=a06fc89765904f36ab658b4892369562 phase=speed_test event=progress.updated] 测速  4943/23581 (20%)  有效 510  失败 4433  吉林卫视
2026-08-15T14:19:44+00:00 INFO    [run=a06fc89765904f36ab658b4892369562 phase=speed_test event=progress.updated] 测速  5018/23581 (21%)  有效 510  失败 4508  吉林卫视
2026-08-15T14:20:14+00:00 INFO    [run=a06fc89765904f36ab658b4892369562 phase=speed_test event=progress.updated] 测速  5108/23581 (21%)  有效 519  失败 4589  陕西卫视
2026-08-15T14:20:45+00:00 INFO    [run=a06fc89765904f36ab658b4892369562 phase=speed_test event=progress.updated] 测速  5223/23581 (22%)  有效 542  失败 4681  贵州卫视
2026-08-15T14:21:16+00:00 INFO    [run=a06fc89765904f36ab658b4892369562 phase=speed_test event=progress.updated] 测速  5329/23581 (22%)  有效 559  失败 4770  海南卫视
2026-08-15T14:21:46+00:00 INFO    [run=a06fc89765904f36ab658b4892369562 phase=speed_test event=progress.updated] 测速  5443/23581 (23%)  有效 567  失败 4876  海南卫视
2026-08-15T14:22:16+00:00 INFO    [run=a06fc89765904f36ab658b4892369562 phase=speed_test event=progress.updated] 测速  5527/23581 (23%)  有效 567  失败 4960  海南卫视
2026-08-15T14:22:46+00:00 INFO    [run=a06fc89765904f36ab658b4892369562 phase=speed_test event=progress.updated] 测速  5618/23581 (23%)  有效 573  失败 5045  山西卫视
2026-08-15T14:23:16+00:00 INFO    [run=a06fc89765904f36ab658b4892369562 phase=speed_test event=progress.updated] 测速  5712/23581 (24%)  有效 589  失败 5123  甘肃卫视
2026-08-15T14:23:48+00:00 INFO    [run=a06fc89765904f36ab658b4892369562 phase=speed_test event=progress.updated] 测速  5816/23581 (24%)  有效 597  失败 5219  甘肃卫视
2026-08-15T14:24:18+00:00 INFO    [run=a06fc89765904f36ab658b4892369562 phase=speed_test event=progress.updated] 测速  5915/23581 (25%)  有效 597  失败 5318  甘肃卫视
2026-08-15T14:24:48+00:00 INFO    [run=a06fc89765904f36ab658b4892369562 phase=speed_test event=progress.updated] 测速  6005/23581 (25%)  有效 602  失败 5403  宁夏卫视
2026-08-15T14:25:20+00:00 INFO    [run=a06fc89765904f36ab658b4892369562 phase=speed_test event=progress.updated] 测速  6102/23581 (25%)  有效 611  失败 5491  青海卫视
2026-08-15T14:25:50+00:00 INFO    [run=a06fc89765904f36ab658b4892369562 phase=speed_test event=progress.updated] 测速  6206/23581 (26%)  有效 629  失败 5577  西藏卫视
2026-08-15T14:26:20+00:00 INFO    [run=a06fc89765904f36ab658b4892369562 phase=speed_test event=progress.updated] 测速  6305/23581 (26%)  有效 640  失败 5665  兵团卫视
2026-08-15T14:26:50+00:00 INFO    [run=a06fc89765904f36ab658b4892369562 phase=speed_test event=progress.updated] 测速  6406/23581 (27%)  有效 652  失败 5754  厦门卫视
2026-08-15T14:27:20+00:00 INFO    [run=a06fc89765904f36ab658b4892369562 phase=speed_test event=progress.updated] 测速  6493/23581 (27%)  有效 656  失败 5837  三沙卫视
2026-08-15T14:27:51+00:00 INFO    [run=a06fc89765904f36ab658b4892369562 phase=speed_test event=progress.updated] 测速  6595/23581 (27%)  有效 669  失败 5926  金鹰卡通
2026-08-15T14:28:22+00:00 INFO    [run=a06fc89765904f36ab658b4892369562 phase=speed_test event=progress.updated] 测速  6677/23581 (28%)  有效 669  失败 6008  金鹰卡通
2026-08-15T14:28:52+00:00 INFO    [run=a06fc89765904f36ab658b4892369562 phase=speed_test event=progress.updated] 测速  6764/23581 (28%)  有效 677  失败 6087  卡酷少儿
2026-08-15T14:29:23+00:00 INFO    [run=a06fc89765904f36ab658b4892369562 phase=speed_test event=progress.updated] 测速  6866/23581 (29%)  有效 677  失败 6189  嘉佳卡通
2026-08-15T14:29:53+00:00 INFO    [run=a06fc89765904f36ab658b4892369562 phase=speed_test event=progress.updated] 测速  6952/23581 (29%)  有效 681  失败 6271  嘉佳卡通
2026-08-15T14:30:23+00:00 INFO    [run=a06fc89765904f36ab658b4892369562 phase=speed_test event=progress.updated] 测速  7049/23581 (29%)  有效 683  失败 6366  优漫卡通
2026-08-15T14:30:54+00:00 INFO    [run=a06fc89765904f36ab658b4892369562 phase=speed_test event=progress.updated] 测速  7139/23581 (30%)  有效 683  失败 6456  哈哈炫动
2026-08-15T14:31:25+00:00 INFO    [run=a06fc89765904f36ab658b4892369562 phase=speed_test event=progress.updated] 测速  7242/23581 (30%)  有效 688  失败 6554  钦州新闻综合
2026-08-15T14:31:57+00:00 INFO    [run=a06fc89765904f36ab658b4892369562 phase=speed_test event=progress.updated] 测速  7331/23581 (31%)  有效 713  失败 6618  贺州综合
2026-08-15T14:32:27+00:00 INFO    [run=a06fc89765904f36ab658b4892369562 phase=speed_test event=progress.updated] 测速  7410/23581 (31%)  有效 713  失败 6697  北海新闻综合
2026-08-15T14:32:58+00:00 INFO    [run=a06fc89765904f36ab658b4892369562 phase=speed_test event=progress.updated] 测速  7485/23581 (31%)  有效 717  失败 6768  广西综艺旅游
2026-08-15T14:33:28+00:00 INFO    [run=a06fc89765904f36ab658b4892369562 phase=speed_test event=progress.updated] 测速  7574/23581 (32%)  有效 721  失败 6853  广东珠江
2026-08-15T14:33:58+00:00 INFO    [run=a06fc89765904f36ab658b4892369562 phase=speed_test event=progress.updated] 测速  7670/23581 (32%)  有效 724  失败 6946  广东体育
2026-08-15T14:34:28+00:00 INFO    [run=a06fc89765904f36ab658b4892369562 phase=speed_test event=progress.updated] 测速  7763/23581 (32%)  有效 726  失败 7037  广东新闻
2026-08-15T14:35:00+00:00 INFO    [run=a06fc89765904f36ab658b4892369562 phase=speed_test event=progress.updated] 测速  7844/23581 (33%)  有效 726  失败 7118  汕头新闻
2026-08-15T14:35:30+00:00 INFO    [run=a06fc89765904f36ab658b4892369562 phase=speed_test event=progress.updated] 测速  7962/23581 (33%)  有效 734  失败 7228  凤凰中文
2026-08-15T14:36:00+00:00 INFO    [run=a06fc89765904f36ab658b4892369562 phase=speed_test event=progress.updated] 测速  8054/23581 (34%)  有效 739  失败 7315  凤凰资讯
2026-08-15T14:36:30+00:00 INFO    [run=a06fc89765904f36ab658b4892369562 phase=speed_test event=progress.updated] 测速  8166/23581 (34%)  有效 744  失败 7422  凤凰香港
2026-08-15T14:37:00+00:00 INFO    [run=a06fc89765904f36ab658b4892369562 phase=speed_test event=progress.updated] 测速  8293/23581 (35%)  有效 760  失败 7533  ViuTV
2026-08-15T14:37:31+00:00 INFO    [run=a06fc89765904f36ab658b4892369562 phase=speed_test event=progress.updated] 测速  8478/23581 (35%)  有效 794  失败 7684  有线新闻
2026-08-15T14:38:02+00:00 INFO    [run=a06fc89765904f36ab658b4892369562 phase=speed_test event=progress.updated] 测速  8604/23581 (36%)  有效 805  失败 7799  民视无线台
2026-08-15T14:38:33+00:00 INFO    [run=a06fc89765904f36ab658b4892369562 phase=speed_test event=progress.updated] 测速  8716/23581 (36%)  有效 827  失败 7889  中视
2026-08-15T14:39:03+00:00 INFO    [run=a06fc89765904f36ab658b4892369562 phase=speed_test event=progress.updated] 测速  8822/23581 (37%)  有效 836  失败 7986  TVBS新闻
2026-08-15T14:39:33+00:00 INFO    [run=a06fc89765904f36ab658b4892369562 phase=speed_test event=progress.updated] 测速  8941/23581 (37%)  有效 851  失败 8090  TVBS欢乐台
2026-08-15T14:40:03+00:00 INFO    [run=a06fc89765904f36ab658b4892369562 phase=speed_test event=progress.updated] 测速  9025/23581 (38%)  有效 859  失败 8166  东森戏剧
2026-08-15T14:40:34+00:00 INFO    [run=a06fc89765904f36ab658b4892369562 phase=speed_test event=progress.updated] 测速  9114/23581 (38%)  有效 863  失败 8251  CCTV-4K
2026-08-15T14:40:39+00:00 INFO    [run=a06fc89765904f36ab658b4892369562 phase=speed_test event=speed_test.artifacts_written] 测速明细已写入 output/log/speed_test.log，有效结果已写入 output/log/result.log
2026-08-15T14:40:39+00:00 INFO    [run=a06fc89765904f36ab658b4892369562 phase=speed_test event=progress.finished] 测速  23581/23581  有效 863  失败 8269
2026-08-15T14:40:39+00:00 INFO    [run=a06fc89765904f36ab658b4892369562 phase=output event=output.written] 结果文件生成完成：更新 3 个文件
2026-08-15T14:40:41+00:00 INFO    [run=a06fc89765904f36ab658b4892369562 phase=statistics event=statistics.finished] 频道统计完成：测试 9132，有效 863
2026-08-15T14:40:41+00:00 INFO    [run=a06fc89765904f36ab658b4892369562 phase=complete event=run.summary] 更新摘要
2026-08-15T14:40:41+00:00 INFO    [run=a06fc89765904f36ab658b4892369562 phase=complete event=run.finished] 更新完成！总耗时：54:24
