分类: 央视频道, 名称: CCTV-1综合, 有效: 14, IPv4: 108, IPv6: 34, 最小延迟: 43 ms, 最高速率: 24.05 MiB/s, 平均速率: 16.30 MiB/s, 最高分辨率: 1920x1080, 平均帧率: 27.75, 视频编解码器: h264, 音频编解码器: aac
分类: 央视频道, 名称: CCTV-2财经, 有效: 12, IPv4: 98, IPv6: 14, 最小延迟: 51 ms, 最高速率: 24.77 MiB/s, 平均速率: 17.49 MiB/s, 最高分辨率: 1920x1080, 平均帧率: 27.37, 视频编解码器: h264, 音频编解码器: aac
分类: 央视频道, 名称: CCTV-3综艺, 有效: 15, IPv4: 94, IPv6: 21, 最小延迟: 47 ms, 最高速率: 26.43 MiB/s, 平均速率: 11.65 MiB/s, 最高分辨率: 1920x1080, 平均帧率: 27.65, 视频编解码器: h264, 音频编解码器: aac
分类: 央视频道, 名称: CCTV-4中文国际, 有效: 14, IPv4: 109, IPv6: 20, 最小延迟: 19 ms, 最高速率: 24.82 MiB/s, 平均速率: 6.59 MiB/s, 最高分辨率: 1920x1080, 平均帧率: 26.07, 视频编解码器: h264, 音频编解码器: aac
分类: 央视频道, 名称: CCTV-5体育, 有效: 13, IPv4: 372, IPv6: 72, 最小延迟: 26 ms, 最高速率: 25.55 MiB/s, 平均速率: 13.57 MiB/s, 最高分辨率: 1920x1080, 平均帧率: 26.25, 视频编解码器: h264, 音频编解码器: aac
分类: 央视频道, 名称: CCTV-5+体育赛事, 有效: 8, IPv4: 318, IPv6: 92, 最小延迟: 46 ms, 最高速率: 22.52 MiB/s, 平均速率: 11.23 MiB/s, 最高分辨率: 1920x1080, 平均帧率: 29.62, 视频编解码器: h264, 音频编解码器: aac
分类: 央视频道, 名称: CCTV-6电影, 有效: 10, IPv4: 100, IPv6: 29, 最小延迟: 22 ms, 最高速率: 26.31 MiB/s, 平均速率: 19.16 MiB/s, 最高分辨率: 1920x1080, 平均帧率: 27.05, 视频编解码器: h264, 音频编解码器: aac
分类: 央视频道, 名称: CCTV-7国防军事, 有效: 14, IPv4: 95, IPv6: 14, 最小延迟: 44 ms, 最高速率: 26.20 MiB/s, 平均速率: 12.25 MiB/s, 最高分辨率: 1920x1080, 平均帧率: 28.95, 视频编解码器: h264, 音频编解码器: aac
分类: 央视频道, 名称: CCTV-8电视剧, 有效: 12, IPv4: 101, IPv6: 13, 最小延迟: 31 ms, 最高速率: 26.62 MiB/s, 平均速率: 12.83 MiB/s, 最高分辨率: 1920x1080, 平均帧率: 26.67, 视频编解码器: h264, 音频编解码器: aac
分类: 央视频道, 名称: CCTV-9纪录, 有效: 11, IPv4: 96, IPv6: 14, 最小延迟: 42 ms, 最高速率: 26.72 MiB/s, 平均速率: 18.15 MiB/s, 最高分辨率: 1920x1080, 平均帧率: 27.11, 视频编解码器: h264, 音频编解码器: aac
分类: 央视频道, 名称: CCTV-10科教, 有效: 14, IPv4: 95, IPv6: 14, 最小延迟: 39 ms, 最高速率: 26.96 MiB/s, 平均速率: 13.52 MiB/s, 最高分辨率: 1920x1080, 平均帧率: 27.5, 视频编解码器: h264, 音频编解码器: aac
分类: 央视频道, 名称: CCTV-11戏曲, 有效: 13, IPv4: 89, IPv6: 13, 最小延迟: 19 ms, 最高速率: 20.86 MiB/s, 平均速率: 5.99 MiB/s, 最高分辨率: 1920x1080, 平均帧率: 27.0, 视频编解码器: h264, 音频编解码器: aac
分类: 央视频道, 名称: CCTV-12社会与法, 有效: 10, IPv4: 120, IPv6: 38, 最小延迟: 46 ms, 最高速率: 24.55 MiB/s, 平均速率: 18.88 MiB/s, 最高分辨率: 1920x1080, 平均帧率: 27.35, 视频编解码器: h264, 音频编解码器: aac
分类: 央视频道, 名称: CCTV-13新闻, 有效: 12, IPv4: 97, IPv6: 13, 最小延迟: 21 ms, 最高速率: 26.28 MiB/s, 平均速率: 17.56 MiB/s, 最高分辨率: 1920x1080, 平均帧率: 27.5, 视频编解码器: h264, 音频编解码器: aac
分类: 央视频道, 名称: CCTV-14少儿, 有效: 10, IPv4: 95, IPv6: 15, 最小延迟: 49 ms, 最高速率: 26.95 MiB/s, 平均速率: 18.75 MiB/s, 最高分辨率: 1920x1080, 平均帧率: 29.21, 视频编解码器: h264, 音频编解码器: aac
分类: 央视频道, 名称: CCTV-15音乐, 有效: 10, IPv4: 93, IPv6: 19, 最小延迟: 29 ms, 最高速率: 26.76 MiB/s, 平均速率: 19.45 MiB/s, 最高分辨率: 1920x1080, 平均帧率: 27.35, 视频编解码器: h264, 音频编解码器: aac
分类: 央视频道, 名称: CCTV-16奥林匹克, 有效: 12, IPv4: 53, IPv6: 11, 最小延迟: 46 ms, 最高速率: 27.02 MiB/s, 平均速率: 16.88 MiB/s, 最高分辨率: 1920x1080, 平均帧率: 28.08, 视频编解码器: h264, 音频编解码器: aac
分类: 央视频道, 名称: CCTV-17农业农村, 有效: 11, IPv4: 72, IPv6: 17, 最小延迟: 22 ms, 最高速率: 26.95 MiB/s, 平均速率: 18.21 MiB/s, 最高分辨率: 1920x1080, 平均帧率: 29.17, 视频编解码器: h264, 音频编解码器: aac
分类: 卫视频道, 名称: 广西卫视, 有效: 15, IPv4: 66, IPv6: 14, 最小延迟: 51 ms, 最高速率: 26.35 MiB/s, 平均速率: 16.33 MiB/s, 最高分辨率: 1920x1080, 平均帧率: 28.0, 视频编解码器: h264, 音频编解码器: aac
分类: 卫视频道, 名称: 湖南卫视, 有效: 14, IPv4: 73, IPv6: 22, 最小延迟: 72 ms, 最高速率: 25.17 MiB/s, 平均速率: 15.86 MiB/s, 最高分辨率: 1920x1080, 平均帧率: 28.33, 视频编解码器: h264, 音频编解码器: aac
分类: 卫视频道, 名称: 浙江卫视, 有效: 16, IPv4: 70, IPv6: 29, 最小延迟: 14 ms, 最高速率: 31.91 MiB/s, 平均速率: 14.04 MiB/s, 最高分辨率: 3840x2160, 平均帧率: 29.41, 视频编解码器: h264, 音频编解码器: aac
分类: 卫视频道, 名称: 江苏卫视, 有效: 15, IPv4: 80, IPv6: 23, 最小延迟: 48 ms, 最高速率: 24.38 MiB/s, 平均速率: 12.54 MiB/s, 最高分辨率: 1920x1080, 平均帧率: 28.12, 视频编解码器: h264, 音频编解码器: aac
分类: 卫视频道, 名称: 东方卫视, 有效: 16, IPv4: 74, IPv6: 27, 最小延迟: 73 ms, 最高速率: 24.83 MiB/s, 平均速率: 14.34 MiB/s, 最高分辨率: 1920x1080, 平均帧率: 27.81, 视频编解码器: h264, 音频编解码器: aac
分类: 卫视频道, 名称: 北京卫视, 有效: 15, IPv4: 86, IPv6: 21, 最小延迟: 50 ms, 最高速率: 24.51 MiB/s, 平均速率: 13.20 MiB/s, 最高分辨率: 1920x1080, 平均帧率: 27.67, 视频编解码器: h264, 音频编解码器: aac
分类: 卫视频道, 名称: 广东卫视, 有效: 16, IPv4: 83, IPv6: 31, 最小延迟: 72 ms, 最高速率: 25.92 MiB/s, 平均速率: 15.16 MiB/s, 最高分辨率: 1920x1080, 平均帧率: 27.94, 视频编解码器: h264, 音频编解码器: aac
分类: 卫视频道, 名称: 大湾区卫视, 有效: 0, IPv4: 105, IPv6: 31, 最小延迟: 49 ms, 最高速率: 11.91 MiB/s, 平均速率: 0.00 MiB/s, 最高分辨率: 1280x720, 平均帧率: 25.0, 视频编解码器: h264, 音频编解码器: aac
分类: 卫视频道, 名称: 山东卫视, 有效: 16, IPv4: 75, IPv6: 20, 最小延迟: 71 ms, 最高速率: 26.43 MiB/s, 平均速率: 13.79 MiB/s, 最高分辨率: 1920x1080, 平均帧率: 28.12, 视频编解码器: h264, 音频编解码器: aac
分类: 卫视频道, 名称: 湖北卫视, 有效: 15, IPv4: 79, IPv6: 22, 最小延迟: 65 ms, 最高速率: 28.10 MiB/s, 平均速率: 13.94 MiB/s, 最高分辨率: 1920x1080, 平均帧率: 27.67, 视频编解码器: h264, 音频编解码器: aac
分类: 卫视频道, 名称: 河南卫视, 有效: 12, IPv4: 65, IPv6: 18, 最小延迟: 41 ms, 最高速率: 26.49 MiB/s, 平均速率: 20.08 MiB/s, 最高分辨率: 1920x1080, 平均帧率: 28.57, 视频编解码器: h264, 音频编解码器: aac
分类: 卫视频道, 名称: 辽宁卫视, 有效: 15, IPv4: 78, IPv6: 19, 最小延迟: 52 ms, 最高速率: 26.77 MiB/s, 平均速率: 13.46 MiB/s, 最高分辨率: 1920x1080, 平均帧率: 27.67, 视频编解码器: h264, 音频编解码器: aac
分类: 卫视频道, 名称: 安徽卫视, 有效: 15, IPv4: 76, IPv6: 21, 最小延迟: 60 ms, 最高速率: 26.52 MiB/s, 平均速率: 14.13 MiB/s, 最高分辨率: 1920x1080, 平均帧率: 27.35, 视频编解码器: h264, 音频编解码器: aac
分类: 卫视频道, 名称: 天津卫视, 有效: 14, IPv4: 77, IPv6: 23, 最小延迟: 51 ms, 最高速率: 25.99 MiB/s, 平均速率: 10.37 MiB/s, 最高分辨率: 1920x1080, 平均帧率: 27.14, 视频编解码器: h264, 音频编解码器: aac
分类: 卫视频道, 名称: 河北卫视, 有效: 12, IPv4: 73, IPv6: 18, 最小延迟: 52 ms, 最高速率: 27.44 MiB/s, 平均速率: 15.60 MiB/s, 最高分辨率: 1920x1080, 平均帧率: 30.0, 视频编解码器: h264, 音频编解码器: aac
分类: 卫视频道, 名称: 四川卫视, 有效: 14, IPv4: 71, IPv6: 15, 最小延迟: 69 ms, 最高速率: 26.83 MiB/s, 平均速率: 16.26 MiB/s, 最高分辨率: 1920x1080, 平均帧率: 28.12, 视频编解码器: h264, 音频编解码器: aac
分类: 卫视频道, 名称: 深圳卫视, 有效: 16, IPv4: 76, IPv6: 27, 最小延迟: 19 ms, 最高速率: 25.95 MiB/s, 平均速率: 14.14 MiB/s, 最高分辨率: 1920x1080, 平均帧率: 27.81, 视频编解码器: h264, 音频编解码器: aac
分类: 卫视频道, 名称: 江西卫视, 有效: 11, IPv4: 79, IPv6: 21, 最小延迟: 71 ms, 最高速率: 26.75 MiB/s, 平均速率: 12.61 MiB/s, 最高分辨率: 1920x1080, 平均帧率: 28.33, 视频编解码器: h264, 音频编解码器: aac
分类: 卫视频道, 名称: 重庆卫视, 有效: 14, IPv4: 76, IPv6: 18, 最小延迟: 73 ms, 最高速率: 25.14 MiB/s, 平均速率: 13.93 MiB/s, 最高分辨率: 1920x1080, 平均帧率: 28.0, 视频编解码器: h264, 音频编解码器: aac
分类: 卫视频道, 名称: 黑龙江卫视, 有效: 10, IPv4: 75, IPv6: 18, 最小延迟: 68 ms, 最高速率: 27.88 MiB/s, 平均速率: 20.99 MiB/s, 最高分辨率: 1920x1080, 平均帧率: 27.67, 视频编解码器: h264, 音频编解码器: aac
分类: 卫视频道, 名称: 东南卫视, 有效: 16, IPv4: 71, IPv6: 17, 最小延迟: 52 ms, 最高速率: 26.02 MiB/s, 平均速率: 14.88 MiB/s, 最高分辨率: 1920x1080, 平均帧率: 27.94, 视频编解码器: h264, 音频编解码器: aac
分类: 卫视频道, 名称: 吉林卫视, 有效: 12, IPv4: 252, IPv6: 66, 最小延迟: 64 ms, 最高速率: 27.12 MiB/s, 平均速率: 13.24 MiB/s, 最高分辨率: 1920x1080, 平均帧率: 27.06, 视频编解码器: h264, 音频编解码器: aac
分类: 卫视频道, 名称: 陕西卫视, 有效: 12, IPv4: 63, IPv6: 14, 最小延迟: 50 ms, 最高速率: 27.36 MiB/s, 平均速率: 14.84 MiB/s, 最高分辨率: 1920x1080, 平均帧率: 27.5, 视频编解码器: h264, 音频编解码器: aac
分类: 卫视频道, 名称: 云南卫视, 有效: 16, IPv4: 69, IPv6: 12, 最小延迟: 77 ms, 最高速率: 24.80 MiB/s, 平均速率: 13.26 MiB/s, 最高分辨率: 1920x1080, 平均帧率: 28.12, 视频编解码器: h264, 音频编解码器: aac
分类: 卫视频道, 名称: 贵州卫视, 有效: 16, IPv4: 74, IPv6: 17, 最小延迟: 52 ms, 最高速率: 26.30 MiB/s, 平均速率: 15.91 MiB/s, 最高分辨率: 1920x1080, 平均帧率: 28.12, 视频编解码器: h264, 音频编解码器: aac
分类: 卫视频道, 名称: 海南卫视, 有效: 10, IPv4: 225, IPv6: 58, 最小延迟: 41 ms, 最高速率: 25.28 MiB/s, 平均速率: 15.86 MiB/s, 最高分辨率: 1920x1080, 平均帧率: 28.46, 视频编解码器: h264, 音频编解码器: aac
分类: 卫视频道, 名称: 山西卫视, 有效: 11, IPv4: 53, IPv6: 16, 最小延迟: 64 ms, 最高速率: 28.63 MiB/s, 平均速率: 14.09 MiB/s, 最高分辨率: 1920x1080, 平均帧率: 27.73, 视频编解码器: h264, 音频编解码器: aac
分类: 卫视频道, 名称: 内蒙古卫视, 有效: 11, IPv4: 56, IPv6: 12, 最小延迟: 63 ms, 最高速率: 26.93 MiB/s, 平均速率: 14.76 MiB/s, 最高分辨率: 1920x1080, 平均帧率: 27.73, 视频编解码器: h264, 音频编解码器: aac
分类: 卫视频道, 名称: 甘肃卫视, 有效: 7, IPv4: 199, IPv6: 60, 最小延迟: 51 ms, 最高速率: 25.49 MiB/s, 平均速率: 16.28 MiB/s, 最高分辨率: 1920x1080, 平均帧率: 26.84, 视频编解码器: h264, 音频编解码器: aac
分类: 卫视频道, 名称: 宁夏卫视, 有效: 10, IPv4: 56, IPv6: 16, 最小延迟: 68 ms, 最高速率: 26.47 MiB/s, 平均速率: 16.01 MiB/s, 最高分辨率: 1920x1080, 平均帧率: 28.0, 视频编解码器: h264, 音频编解码器: aac
分类: 卫视频道, 名称: 青海卫视, 有效: 13, IPv4: 70, IPv6: 14, 最小延迟: 50 ms, 最高速率: 24.80 MiB/s, 平均速率: 11.40 MiB/s, 最高分辨率: 1920x1080, 平均帧率: 28.08, 视频编解码器: h264, 音频编解码器: aac
分类: 卫视频道, 名称: 西藏卫视, 有效: 10, IPv4: 59, IPv6: 22, 最小延迟: 66 ms, 最高速率: 27.66 MiB/s, 平均速率: 17.73 MiB/s, 最高分辨率: 1920x1080, 平均帧率: 28.5, 视频编解码器: h264, 音频编解码器: aac
分类: 卫视频道, 名称: 新疆卫视, 有效: 10, IPv4: 56, IPv6: 21, 最小延迟: 51 ms, 最高速率: 26.52 MiB/s, 平均速率: 11.90 MiB/s, 最高分辨率: 1920x1080, 平均帧率: 28.18, 视频编解码器: h264, 音频编解码器: aac
分类: 卫视频道, 名称: 兵团卫视, 有效: 10, IPv4: 50, IPv6: 7, 最小延迟: 51 ms, 最高速率: 26.17 MiB/s, 平均速率: 15.23 MiB/s, 最高分辨率: 1920x1080, 平均帧率: 30.0, 视频编解码器: h264, 音频编解码器: aac
分类: 卫视频道, 名称: 厦门卫视, 有效: 2, IPv4: 99, IPv6: 22, 最小延迟: 51 ms, 最高速率: 25.96 MiB/s, 平均速率: 24.81 MiB/s, 最高分辨率: 1920x1080, 平均帧率: 25.83, 视频编解码器: h264, 音频编解码器: aac
分类: 卫视频道, 名称: 三沙卫视, 有效: 11, IPv4: 33, IPv6: 9, 最小延迟: 72 ms, 最高速率: 24.92 MiB/s, 平均速率: 13.98 MiB/s, 最高分辨率: 1920x1080, 平均帧率: 27.73, 视频编解码器: h264, 音频编解码器: aac
分类: 卫视频道, 名称: 金鹰卡通, 有效: 6, IPv4: 185, IPv6: 29, 最小延迟: 79 ms, 最高速率: 24.93 MiB/s, 平均速率: 22.47 MiB/s, 最高分辨率: 1920x1080, 平均帧率: 30.0, 视频编解码器: h264, 音频编解码器: aac
分类: 卫视频道, 名称: 卡酷少儿, 有效: 8, IPv4: 102, IPv6: 27, 最小延迟: 65 ms, 最高速率: 27.84 MiB/s, 平均速率: 21.29 MiB/s, 最高分辨率: 1920x1080, 平均帧率: 29.0, 视频编解码器: h264, 音频编解码器: aac
分类: 卫视频道, 名称: 嘉佳卡通, 有效: 4, IPv4: 130, IPv6: 15, 最小延迟: 72 ms, 最高速率: 18.20 MiB/s, 平均速率: 15.35 MiB/s, 最高分辨率: 1920x1080, 平均帧率: 31.11, 视频编解码器: h264, 音频编解码器: aac
分类: 卫视频道, 名称: 优漫卡通, 有效: 2, IPv4: 96, IPv6: 30, 最小延迟: 71 ms, 最高速率: 26.50 MiB/s, 平均速率: 26.05 MiB/s, 最高分辨率: 1920x1080, 平均帧率: 28.0, 视频编解码器: h264, 音频编解码器: aac
分类: 卫视频道, 名称: 哈哈炫动, 有效: 5, IPv4: 75, IPv6: 28, 最小延迟: 51 ms, 最高速率: 26.35 MiB/s, 平均速率: 22.20 MiB/s, 最高分辨率: 1920x1080, 平均帧率: 28.12, 视频编解码器: h264, 音频编解码器: aac
分类: 广西频道, 名称: 防城港新闻综合, 有效: 0, IPv4: 2, IPv6: 4, 最小延迟: — ms, 最高速率: 0.00 MiB/s, 平均速率: 0.00 MiB/s, 最高分辨率: —, 平均帧率: 未知, 视频编解码器: 未知, 音频编解码器: 未知
分类: 广西频道, 名称: 防城港公共, 有效: 0, IPv4: 2, IPv6: 4, 最小延迟: — ms, 最高速率: 0.00 MiB/s, 平均速率: 0.00 MiB/s, 最高分辨率: —, 平均帧率: 未知, 视频编解码器: 未知, 音频编解码器: 未知
分类: 广西频道, 名称: 钦州公共, 有效: 0, IPv4: 2, IPv6: 0, 最小延迟: — ms, 最高速率: 0.00 MiB/s, 平均速率: 0.00 MiB/s, 最高分辨率: —, 平均帧率: 未知, 视频编解码器: 未知, 音频编解码器: 未知
分类: 广西频道, 名称: 钦州新闻综合, 有效: 0, IPv4: 0, IPv6: 4, 最小延迟: — ms, 最高速率: 0.00 MiB/s, 平均速率: 0.00 MiB/s, 最高分辨率: —, 平均帧率: 未知, 视频编解码器: 未知, 音频编解码器: 未知
分类: 广西频道, 名称: 广西都市, 有效: 6, IPv4: 16, IPv6: 4, 最小延迟: 70 ms, 最高速率: 6.50 MiB/s, 平均速率: 5.91 MiB/s, 最高分辨率: 1920x1080, 平均帧率: 25.0, 视频编解码器: h264, 音频编解码器: aac
分类: 广西频道, 名称: 广西新闻, 有效: 6, IPv4: 18, IPv6: 6, 最小延迟: 51 ms, 最高速率: 6.36 MiB/s, 平均速率: 5.51 MiB/s, 最高分辨率: 1920x1080, 平均帧率: 30.0, 视频编解码器: h264, 音频编解码器: aac
分类: 广西频道, 名称: 广西影视, 有效: 5, IPv4: 16, IPv6: 4, 最小延迟: 54 ms, 最高速率: 6.91 MiB/s, 平均速率: 5.26 MiB/s, 最高分辨率: 1920x1080, 平均帧率: 30.83, 视频编解码器: h264, 音频编解码器: aac
分类: 广西频道, 名称: 广西国际, 有效: 8, IPv4: 9, IPv6: 2, 最小延迟: 57 ms, 最高速率: 6.29 MiB/s, 平均速率: 5.48 MiB/s, 最高分辨率: 1920x1080, 平均帧率: 25.0, 视频编解码器: h264, 音频编解码器: aac
分类: 广西频道, 名称: 柳州新闻综合, 有效: 0, IPv4: 0, IPv6: 4, 最小延迟: — ms, 最高速率: 0.00 MiB/s, 平均速率: 0.00 MiB/s, 最高分辨率: —, 平均帧率: 未知, 视频编解码器: 未知, 音频编解码器: 未知
分类: 广西频道, 名称: 柳州科教, 有效: 0, IPv4: 0, IPv6: 4, 最小延迟: — ms, 最高速率: 0.00 MiB/s, 平均速率: 0.00 MiB/s, 最高分辨率: —, 平均帧率: 未知, 视频编解码器: 未知, 音频编解码器: 未知
分类: 广西频道, 名称: 贺州综合, 有效: 0, IPv4: 4, IPv6: 4, 最小延迟: 410 ms, 最高速率: 0.00 MiB/s, 平均速率: 0.00 MiB/s, 最高分辨率: —, 平均帧率: 未知, 视频编解码器: 未知, 音频编解码器: 未知
分类: 广西频道, 名称: 河池新闻综合, 有效: 0, IPv4: 0, IPv6: 4, 最小延迟: — ms, 最高速率: 0.00 MiB/s, 平均速率: 0.00 MiB/s, 最高分辨率: —, 平均帧率: 未知, 视频编解码器: 未知, 音频编解码器: 未知
分类: 广西频道, 名称: 玉林新闻综合, 有效: 0, IPv4: 3, IPv6: 4, 最小延迟: — ms, 最高速率: 0.00 MiB/s, 平均速率: 0.00 MiB/s, 最高分辨率: —, 平均帧率: 未知, 视频编解码器: 未知, 音频编解码器: 未知
分类: 广西频道, 名称: 南宁新闻综合, 有效: 0, IPv4: 16, IPv6: 4, 最小延迟: 387 ms, 最高速率: 0.10 MiB/s, 平均速率: 0.00 MiB/s, 最高分辨率: —, 平均帧率: 未知, 视频编解码器: 未知, 音频编解码器: 未知
分类: 广西频道, 名称: 南宁文旅生活, 有效: 0, IPv4: 7, IPv6: 4, 最小延迟: 668 ms, 最高速率: 0.02 MiB/s, 平均速率: 0.00 MiB/s, 最高分辨率: —, 平均帧率: 未知, 视频编解码器: 未知, 音频编解码器: 未知
分类: 广西频道, 名称: 南宁影视娱乐, 有效: 0, IPv4: 10, IPv6: 4, 最小延迟: 640 ms, 最高速率: 0.02 MiB/s, 平均速率: 0.00 MiB/s, 最高分辨率: —, 平均帧率: 未知, 视频编解码器: 未知, 音频编解码器: 未知
分类: 广西频道, 名称: 南宁都市生活, 有效: 0, IPv4: 6, IPv6: 1, 最小延迟: — ms, 最高速率: 0.00 MiB/s, 平均速率: 0.00 MiB/s, 最高分辨率: —, 平均帧率: 未知, 视频编解码器: 未知, 音频编解码器: 未知
分类: 广西频道, 名称: 北海新闻综合, 有效: 0, IPv4: 9, IPv6: 0, 最小延迟: — ms, 最高速率: 0.00 MiB/s, 平均速率: 0.00 MiB/s, 最高分辨率: —, 平均帧率: 未知, 视频编解码器: 未知, 音频编解码器: 未知
分类: 广西频道, 名称: 北海经济科教, 有效: 0, IPv4: 1, IPv6: 6, 最小延迟: — ms, 最高速率: 0.00 MiB/s, 平均速率: 0.00 MiB/s, 最高分辨率: —, 平均帧率: 未知, 视频编解码器: 未知, 音频编解码器: 未知
分类: 广西频道, 名称: 百色综合, 有效: 0, IPv4: 1, IPv6: 6, 最小延迟: — ms, 最高速率: 0.00 MiB/s, 平均速率: 0.00 MiB/s, 最高分辨率: —, 平均帧率: 未知, 视频编解码器: 未知, 音频编解码器: 未知
分类: 广西频道, 名称: 来宾综合, 有效: 0, IPv4: 5, IPv6: 4, 最小延迟: 323 ms, 最高速率: 0.25 MiB/s, 平均速率: 0.00 MiB/s, 最高分辨率: 1920x1080, 平均帧率: 未知, 视频编解码器: 未知, 音频编解码器: 未知
分类: 广西频道, 名称: 梧州新闻综合, 有效: 0, IPv4: 3, IPv6: 4, 最小延迟: — ms, 最高速率: 0.00 MiB/s, 平均速率: 0.00 MiB/s, 最高分辨率: —, 平均帧率: 未知, 视频编解码器: 未知, 音频编解码器: 未知
分类: 广西频道, 名称: 梧州教育生活, 有效: 0, IPv4: 1, IPv6: 4, 最小延迟: — ms, 最高速率: 0.00 MiB/s, 平均速率: 0.00 MiB/s, 最高分辨率: —, 平均帧率: 未知, 视频编解码器: 未知, 音频编解码器: 未知
分类: 广西频道, 名称: 崇左综合, 有效: 0, IPv4: 4, IPv6: 4, 最小延迟: — ms, 最高速率: 0.00 MiB/s, 平均速率: 0.00 MiB/s, 最高分辨率: —, 平均帧率: 未知, 视频编解码器: 未知, 音频编解码器: 未知
分类: 广西频道, 名称: 桂林新闻综合, 有效: 0, IPv4: 2, IPv6: 4, 最小延迟: 885 ms, 最高速率: 0.03 MiB/s, 平均速率: 0.00 MiB/s, 最高分辨率: —, 平均帧率: 未知, 视频编解码器: 未知, 音频编解码器: 未知
分类: 广西频道, 名称: 桂林科教旅游, 有效: 0, IPv4: 1, IPv6: 4, 最小延迟: — ms, 最高速率: 0.00 MiB/s, 平均速率: 0.00 MiB/s, 最高分辨率: —, 平均帧率: 未知, 视频编解码器: 未知, 音频编解码器: 未知
分类: 广西频道, 名称: 贵港新闻综合, 有效: 0, IPv4: 6, IPv6: 4, 最小延迟: — ms, 最高速率: 0.00 MiB/s, 平均速率: 0.00 MiB/s, 最高分辨率: —, 平均帧率: 未知, 视频编解码器: 未知, 音频编解码器: 未知
分类: 广西频道, 名称: 贵港科教生活, 有效: 0, IPv4: 1, IPv6: 4, 最小延迟: — ms, 最高速率: 0.00 MiB/s, 平均速率: 0.00 MiB/s, 最高分辨率: —, 平均帧率: 未知, 视频编解码器: 未知, 音频编解码器: 未知
分类: 广西频道, 名称: 广西综艺旅游, 有效: 6, IPv4: 11, IPv6: 4, 最小延迟: 57 ms, 最高速率: 6.28 MiB/s, 平均速率: 4.68 MiB/s, 最高分辨率: 1920x1080, 平均帧率: 25.0, 视频编解码器: h264, 音频编解码器: aac
分类: 广东频道, 名称: 广东珠江, 有效: 3, IPv4: 93, IPv6: 19, 最小延迟: 34 ms, 最高速率: 21.76 MiB/s, 平均速率: 12.93 MiB/s, 最高分辨率: 1920x1080, 平均帧率: 25.0, 视频编解码器: h264, 音频编解码器: aac
分类: 广东频道, 名称: 广东体育, 有效: 4, IPv4: 84, IPv6: 15, 最小延迟: 29 ms, 最高速率: 35.90 MiB/s, 平均速率: 24.90 MiB/s, 最高分辨率: 1920x1080, 平均帧率: 25.0, 视频编解码器: h264, 音频编解码器: mp2
分类: 广东频道, 名称: 广东新闻, 有效: 0, IPv4: 58, IPv6: 5, 最小延迟: 49 ms, 最高速率: 9.95 MiB/s, 平均速率: 0.00 MiB/s, 最高分辨率: 1280x720, 平均帧率: 25.0, 视频编解码器: h264, 音频编解码器: aac
分类: 广东频道, 名称: 广州新闻, 有效: 0, IPv4: 23, IPv6: 2, 最小延迟: 38 ms, 最高速率: 0.09 MiB/s, 平均速率: 0.00 MiB/s, 最高分辨率: —, 平均帧率: 未知, 视频编解码器: 未知, 音频编解码器: 未知
分类: 广东频道, 名称: 广州影视, 有效: 0, IPv4: 15, IPv6: 4, 最小延迟: 404 ms, 最高速率: 0.00 MiB/s, 平均速率: 0.00 MiB/s, 最高分辨率: —, 平均帧率: 未知, 视频编解码器: 未知, 音频编解码器: 未知
分类: 广东频道, 名称: 佛山综合, 有效: 0, IPv4: 13, IPv6: 3, 最小延迟: 307 ms, 最高速率: 0.19 MiB/s, 平均速率: 0.00 MiB/s, 最高分辨率: —, 平均帧率: 未知, 视频编解码器: 未知, 音频编解码器: 未知
分类: 广东频道, 名称: 东莞综合, 有效: 0, IPv4: 3, IPv6: 0, 最小延迟: — ms, 最高速率: 0.00 MiB/s, 平均速率: 0.00 MiB/s, 最高分辨率: —, 平均帧率: 未知, 视频编解码器: 未知, 音频编解码器: 未知
分类: 广东频道, 名称: 中山综合, 有效: 0, IPv4: 10, IPv6: 0, 最小延迟: 410 ms, 最高速率: 0.12 MiB/s, 平均速率: 0.00 MiB/s, 最高分辨率: —, 平均帧率: 未知, 视频编解码器: 未知, 音频编解码器: 未知
分类: 广东频道, 名称: 汕头新闻, 有效: 0, IPv4: 2, IPv6: 0, 最小延迟: — ms, 最高速率: 0.00 MiB/s, 平均速率: 0.00 MiB/s, 最高分辨率: —, 平均帧率: 未知, 视频编解码器: 未知, 音频编解码器: 未知
分类: 广东频道, 名称: 珠海综合, 有效: 0, IPv4: 2, IPv6: 0, 最小延迟: — ms, 最高速率: 0.00 MiB/s, 平均速率: 0.00 MiB/s, 最高分辨率: —, 平均帧率: 未知, 视频编解码器: 未知, 音频编解码器: 未知
分类: 广东频道, 名称: 江门综合, 有效: 0, IPv4: 9, IPv6: 0, 最小延迟: 413 ms, 最高速率: 0.06 MiB/s, 平均速率: 0.00 MiB/s, 最高分辨率: —, 平均帧率: 未知, 视频编解码器: 未知, 音频编解码器: 未知
分类: 广东频道, 名称: 茂名综合, 有效: 0, IPv4: 7, IPv6: 0, 最小延迟: 395 ms, 最高速率: 0.12 MiB/s, 平均速率: 0.00 MiB/s, 最高分辨率: —, 平均帧率: 未知, 视频编解码器: 未知, 音频编解码器: 未知
分类: 广东频道, 名称: 湛江新闻, 有效: 0, IPv4: 6, IPv6: 0, 最小延迟: 409 ms, 最高速率: 0.06 MiB/s, 平均速率: 0.00 MiB/s, 最高分辨率: —, 平均帧率: 未知, 视频编解码器: 未知, 音频编解码器: 未知
分类: 广东频道, 名称: 惠州综合, 有效: 0, IPv4: 3, IPv6: 0, 最小延迟: — ms, 最高速率: 0.00 MiB/s, 平均速率: 0.00 MiB/s, 最高分辨率: —, 平均帧率: 未知, 视频编解码器: 未知, 音频编解码器: 未知
分类: 广东频道, 名称: 广东公共, 有效: 0, IPv4: 5, IPv6: 0, 最小延迟: 293 ms, 最高速率: 0.05 MiB/s, 平均速率: 0.00 MiB/s, 最高分辨率: —, 平均帧率: 未知, 视频编解码器: 未知, 音频编解码器: 未知
分类: 港澳台频道, 名称: 凤凰中文, 有效: 8, IPv4: 99, IPv6: 35, 最小延迟: 16 ms, 最高速率: 36.35 MiB/s, 平均速率: 21.67 MiB/s, 最高分辨率: 1920x1080, 平均帧率: 41.88, 视频编解码器: h264, 音频编解码器: aac
分类: 港澳台频道, 名称: 凤凰资讯, 有效: 7, IPv4: 102, IPv6: 33, 最小延迟: 27 ms, 最高速率: 32.81 MiB/s, 平均速率: 22.21 MiB/s, 最高分辨率: 1920x1080, 平均帧率: 44.29, 视频编解码器: h264, 音频编解码器: aac
分类: 港澳台频道, 名称: 凤凰香港, 有效: 5, IPv4: 46, IPv6: 28, 最小延迟: 16 ms, 最高速率: 115.69 MiB/s, 平均速率: 49.10 MiB/s, 最高分辨率: 1920x1080, 平均帧率: 25.83, 视频编解码器: h264, 音频编解码器: aac
分类: 港澳台频道, 名称: 翡翠台, 有效: 10, IPv4: 27, IPv6: 25, 最小延迟: 27 ms, 最高速率: 36.60 MiB/s, 平均速率: 23.32 MiB/s, 最高分辨率: 3840x2160, 平均帧率: 41.25, 视频编解码器: h264, 音频编解码器: mp2
分类: 港澳台频道, 名称: ViuTV, 有效: 6, IPv4: 27, IPv6: 11, 最小延迟: 30 ms, 最高速率: 35.91 MiB/s, 平均速率: 28.53 MiB/s, 最高分辨率: 1920x1080, 平均帧率: 未知, 视频编解码器: 未知, 音频编解码器: 未知
分类: 港澳台频道, 名称: HOY TV, 有效: 5, IPv4: 4, IPv6: 13, 最小延迟: 15 ms, 最高速率: 60.20 MiB/s, 平均速率: 26.42 MiB/s, 最高分辨率: 1920x1080, 平均帧率: 50.0, 视频编解码器: h264, 音频编解码器: aac
分类: 港澳台频道, 名称: 明珠台, 有效: 10, IPv4: 32, IPv6: 18, 最小延迟: 15 ms, 最高速率: 52.02 MiB/s, 平均速率: 25.74 MiB/s, 最高分辨率: 1920x1080, 平均帧率: 25.71, 视频编解码器: h264, 音频编解码器: aac
分类: 港澳台频道, 名称: 港台电视 31, 有效: 5, IPv4: 12, IPv6: 11, 最小延迟: 15 ms, 最高速率: 24.42 MiB/s, 平均速率: 18.00 MiB/s, 最高分辨率: 1920x1080, 平均帧率: 25.0, 视频编解码器: h264, 音频编解码器: aac
分类: 港澳台频道, 名称: 港台电视 32, 有效: 5, IPv4: 16, IPv6: 10, 最小延迟: 30 ms, 最高速率: 35.46 MiB/s, 平均速率: 27.31 MiB/s, 最高分辨率: 1920x1080, 平均帧率: 25.0, 视频编解码器: h264, 音频编解码器: aac
分类: 港澳台频道, 名称: TVB星河, 有效: 2, IPv4: 12, IPv6: 15, 最小延迟: 15 ms, 最高速率: 114.89 MiB/s, 平均速率: 30.02 MiB/s, 最高分辨率: 1920x1080, 平均帧率: 37.5, 视频编解码器: h264, 音频编解码器: aac
分类: 港澳台频道, 名称: TVB娱乐新闻台, 有效: 2, IPv4: 8, IPv6: 8, 最小延迟: 25 ms, 最高速率: 20.13 MiB/s, 平均速率: 17.37 MiB/s, 最高分辨率: 1920x1080, 平均帧率: 25.0, 视频编解码器: h264, 音频编解码器: aac
分类: 港澳台频道, 名称: ViuTVsix, 有效: 2, IPv4: 2, IPv6: 4, 最小延迟: 35 ms, 最高速率: 20.09 MiB/s, 平均速率: 18.16 MiB/s, 最高分辨率: 1920x1080, 平均帧率: 未知, 视频编解码器: 未知, 音频编解码器: 未知
分类: 港澳台频道, 名称: HOY国际财经台, 有效: 1, IPv4: 0, IPv6: 2, 最小延迟: 16 ms, 最高速率: 29.03 MiB/s, 平均速率: 29.03 MiB/s, 最高分辨率: 1920x1080, 平均帧率: 50.0, 视频编解码器: 未知, 音频编解码器: 未知
分类: 港澳台频道, 名称: 有线新闻, 有效: 0, IPv4: 24, IPv6: 0, 最小延迟: 116 ms, 最高速率: 0.40 MiB/s, 平均速率: 0.00 MiB/s, 最高分辨率: 1280x720, 平均帧率: 25.0, 视频编解码器: h264, 音频编解码器: aac
分类: 港澳台频道, 名称: Now新闻台, 有效: 1, IPv4: 8, IPv6: 4, 最小延迟: 42 ms, 最高速率: 19.91 MiB/s, 平均速率: 19.91 MiB/s, 最高分辨率: 1920x1080, 平均帧率: 50.0, 视频编解码器: h264, 音频编解码器: aac
分类: 港澳台频道, 名称: 香港卫视, 有效: 1, IPv4: 33, IPv6: 4, 最小延迟: 42 ms, 最高速率: 6.18 MiB/s, 平均速率: 6.18 MiB/s, 最高分辨率: 1920x1080, 平均帧率: 25.0, 视频编解码器: rawvideo, 音频编解码器: aac
分类: 港澳台频道, 名称: 环球电视, 有效: 0, IPv4: 2, IPv6: 0, 最小延迟: — ms, 最高速率: 0.00 MiB/s, 平均速率: 0.00 MiB/s, 最高分辨率: —, 平均帧率: 未知, 视频编解码器: 未知, 音频编解码器: 未知
分类: 港澳台频道, 名称: 澳视澳门, 有效: 0, IPv4: 11, IPv6: 6, 最小延迟: 26 ms, 最高速率: 0.08 MiB/s, 平均速率: 0.00 MiB/s, 最高分辨率: —, 平均帧率: 未知, 视频编解码器: 未知, 音频编解码器: 未知
分类: 港澳台频道, 名称: 澳视卫星, 有效: 0, IPv4: 3, IPv6: 8, 最小延迟: 32 ms, 最高速率: 0.09 MiB/s, 平均速率: 0.00 MiB/s, 最高分辨率: —, 平均帧率: 未知, 视频编解码器: 未知, 音频编解码器: 未知
分类: 港澳台频道, 名称: 民视无线台, 有效: 10, IPv4: 28, IPv6: 8, 最小延迟: 11 ms, 最高速率: 17.53 MiB/s, 平均速率: 9.41 MiB/s, 最高分辨率: 1920x1080, 平均帧率: 29.98, 视频编解码器: h264, 音频编解码器: aac
分类: 港澳台频道, 名称: 三立台湾, 有效: 1, IPv4: 4, IPv6: 3, 最小延迟: 169 ms, 最高速率: 2.34 MiB/s, 平均速率: 2.34 MiB/s, 最高分辨率: —, 平均帧率: 未知, 视频编解码器: 未知, 音频编解码器: 未知
分类: 港澳台频道, 名称: 台视, 有效: 13, IPv4: 46, IPv6: 0, 最小延迟: 11 ms, 最高速率: 16.86 MiB/s, 平均速率: 5.03 MiB/s, 最高分辨率: 1920x1080, 平均帧率: 29.98, 视频编解码器: h264, 音频编解码器: aac
分类: 港澳台频道, 名称: 中视, 有效: 7, IPv4: 55, IPv6: 14, 最小延迟: 22 ms, 最高速率: 24.50 MiB/s, 平均速率: 9.75 MiB/s, 最高分辨率: 1920x1080, 平均帧率: 29.99, 视频编解码器: h264, 音频编解码器: aac
分类: 港澳台频道, 名称: 华视, 有效: 5, IPv4: 34, IPv6: 16, 最小延迟: 34 ms, 最高速率: 15.92 MiB/s, 平均速率: 9.74 MiB/s, 最高分辨率: 1920x1080, 平均帧率: 30.0, 视频编解码器: h264, 音频编解码器: aac
分类: 港澳台频道, 名称: 东森新闻, 有效: 3, IPv4: 18, IPv6: 4, 最小延迟: 16 ms, 最高速率: 29.04 MiB/s, 平均速率: 11.57 MiB/s, 最高分辨率: 1920x1080, 平均帧率: 29.99, 视频编解码器: h264, 音频编解码器: aac
分类: 港澳台频道, 名称: TVBS新闻, 有效: 1, IPv4: 20, IPv6: 7, 最小延迟: 20 ms, 最高速率: 25.20 MiB/s, 平均速率: 2.42 MiB/s, 最高分辨率: 1920x1080, 平均帧率: 28.32, 视频编解码器: h264, 音频编解码器: aac
分类: 港澳台频道, 名称: 三立新闻, 有效: 1, IPv4: 15, IPv6: 4, 最小延迟: 18 ms, 最高速率: 17.47 MiB/s, 平均速率: 2.54 MiB/s, 最高分辨率: 1920x1080, 平均帧率: 29.97, 视频编解码器: h264, 音频编解码器: aac
分类: 港澳台频道, 名称: 中天新闻, 有效: 4, IPv4: 29, IPv6: 13, 最小延迟: 22 ms, 最高速率: 46.23 MiB/s, 平均速率: 17.62 MiB/s, 最高分辨率: 1920x1080, 平均帧率: 29.98, 视频编解码器: h264, 音频编解码器: aac
分类: 港澳台频道, 名称: TVBS亚洲, 有效: 9, IPv4: 13, IPv6: 2, 最小延迟: 11 ms, 最高速率: 9.05 MiB/s, 平均速率: 3.22 MiB/s, 最高分辨率: 1920x1080, 平均帧率: 29.14, 视频编解码器: h264, 音频编解码器: aac
分类: 港澳台频道, 名称: 东森综合, 有效: 1, IPv4: 11, IPv6: 5, 最小延迟: 71 ms, 最高速率: 6.00 MiB/s, 平均速率: 6.00 MiB/s, 最高分辨率: 1920x1080, 平均帧率: 27.5, 视频编解码器: h264, 音频编解码器: aac
分类: 港澳台频道, 名称: 中天娱乐, 有效: 0, IPv4: 4, IPv6: 1, 最小延迟: — ms, 最高速率: 0.00 MiB/s, 平均速率: 0.00 MiB/s, 最高分辨率: —, 平均帧率: 未知, 视频编解码器: 未知, 音频编解码器: 未知
分类: 港澳台频道, 名称: 中天综合, 有效: 0, IPv4: 3, IPv6: 1, 最小延迟: — ms, 最高速率: 0.00 MiB/s, 平均速率: 0.00 MiB/s, 最高分辨率: —, 平均帧率: 未知, 视频编解码器: 未知, 音频编解码器: 未知
分类: 港澳台频道, 名称: TVBS欢乐台, 有效: 0, IPv4: 10, IPv6: 4, 最小延迟: 42 ms, 最高速率: 4.17 MiB/s, 平均速率: 0.00 MiB/s, 最高分辨率: 1280x720, 平均帧率: 30.0, 视频编解码器: h264, 音频编解码器: aac
分类: 港澳台频道, 名称: 东森超视, 有效: 4, IPv4: 12, IPv6: 5, 最小延迟: 12 ms, 最高速率: 2.48 MiB/s, 平均速率: 1.79 MiB/s, 最高分辨率: —, 平均帧率: 29.97, 视频编解码器: h264, 音频编解码器: aac
分类: 港澳台频道, 名称: 公视, 有效: 2, IPv4: 16, IPv6: 4, 最小延迟: 42 ms, 最高速率: 12.06 MiB/s, 平均速率: 7.77 MiB/s, 最高分辨率: 1920x1080, 平均帧率: 29.98, 视频编解码器: hevc, 音频编解码器: aac
分类: 港澳台频道, 名称: 八大综合, 有效: 0, IPv4: 5, IPv6: 1, 最小延迟: — ms, 最高速率: 0.00 MiB/s, 平均速率: 0.00 MiB/s, 最高分辨率: —, 平均帧率: 未知, 视频编解码器: 未知, 音频编解码器: 未知
分类: 港澳台频道, 名称: 纬来育乐, 有效: 2, IPv4: 16, IPv6: 4, 最小延迟: 73 ms, 最高速率: 6.01 MiB/s, 平均速率: 5.84 MiB/s, 最高分辨率: 1920x1080, 平均帧率: 25.0, 视频编解码器: h264, 音频编解码器: aac
分类: 港澳台频道, 名称: 卫视中文台, 有效: 0, IPv4: 1, IPv6: 0, 最小延迟: — ms, 最高速率: 0.00 MiB/s, 平均速率: 0.00 MiB/s, 最高分辨率: —, 平均帧率: 未知, 视频编解码器: 未知, 音频编解码器: 未知
分类: 港澳台频道, 名称: 纬来精采, 有效: 0, IPv4: 3, IPv6: 1, 最小延迟: 221 ms, 最高速率: 0.31 MiB/s, 平均速率: 0.00 MiB/s, 最高分辨率: 1280x720, 平均帧率: 25.0, 视频编解码器: h264, 音频编解码器: aac
分类: 港澳台频道, 名称: 三立戏剧, 有效: 0, IPv4: 3, IPv6: 2, 最小延迟: 562 ms, 最高速率: 0.20 MiB/s, 平均速率: 0.00 MiB/s, 最高分辨率: 1080x720, 平均帧率: 30.0, 视频编解码器: h264, 音频编解码器: 未知
分类: 港澳台频道, 名称: 东森戏剧, 有效: 0, IPv4: 4, IPv6: 2, 最小延迟: — ms, 最高速率: 0.00 MiB/s, 平均速率: 0.00 MiB/s, 最高分辨率: —, 平均帧率: 未知, 视频编解码器: 未知, 音频编解码器: 未知
分类: 港澳台频道, 名称: CHANNEL[V], 有效: 0, IPv4: 10, IPv6: 0, 最小延迟: 450 ms, 最高速率: 0.00 MiB/s, 平均速率: 0.00 MiB/s, 最高分辨率: —, 平均帧率: 未知, 视频编解码器: 未知, 音频编解码器: 未知
分类: 港澳台频道, 名称: 动物星球, 有效: 0, IPv4: 3, IPv6: 2, 最小延迟: — ms, 最高速率: 0.00 MiB/s, 平均速率: 0.00 MiB/s, 最高分辨率: —, 平均帧率: 未知, 视频编解码器: 未知, 音频编解码器: 未知
分类: 港澳台频道, 名称: 星空卫视, 有效: 0, IPv4: 33, IPv6: 2, 最小延迟: 232 ms, 最高速率: 0.16 MiB/s, 平均速率: 0.00 MiB/s, 最高分辨率: —, 平均帧率: 未知, 视频编解码器: 未知, 音频编解码器: 未知
分类: 4K频道, 名称: 欢笑剧场4K, 有效: 4, IPv4: 20, IPv6: 1, 最小延迟: 100 ms, 最高速率: 21.85 MiB/s, 平均速率: 18.89 MiB/s, 最高分辨率: 1920x1080, 平均帧率: 30.0, 视频编解码器: h264, 音频编解码器: aac
分类: 4K频道, 名称: 求索纪录4K, 有效: 0, IPv4: 1, IPv6: 0, 最小延迟: — ms, 最高速率: 0.00 MiB/s, 平均速率: 0.00 MiB/s, 最高分辨率: —, 平均帧率: 未知, 视频编解码器: 未知, 音频编解码器: 未知
分类: 4K频道, 名称: CCTV-4K, 有效: 0, IPv4: 11, IPv6: 7, 最小延迟: 140 ms, 最高速率: 0.03 MiB/s, 平均速率: 0.00 MiB/s, 最高分辨率: —, 平均帧率: 未知, 视频编解码器: 未知, 音频编解码器: 未知
分类: 4K频道, 名称: 广州南国都市4K, 有效: 0, IPv4: 3, IPv6: 0, 最小延迟: — ms, 最高速率: 0.00 MiB/s, 平均速率: 0.00 MiB/s, 最高分辨率: —, 平均帧率: 未知, 视频编解码器: 未知, 音频编解码器: 未知
分类: 4K频道, 名称: 华数爱上4K, 有效: 0, IPv4: 11, IPv6: 0, 最小延迟: 432 ms, 最高速率: 0.13 MiB/s, 平均速率: 0.00 MiB/s, 最高分辨率: —, 平均帧率: 未知, 视频编解码器: 未知, 音频编解码器: 未知
